$DragonFly: src/usr.bin/make/tests/variables/t1/expected.stderr,v 1.1 2005/02/25 08:53:14 okumoto Exp $
