$DragonFly: src/usr.bin/make/tests/basic/t3/expected.stderr,v 1.1 2005/02/26 10:43:09 okumoto Exp $
make: no target to make.
