$DragonFly: src/usr.bin/make/tests/variables/t2/expected.stderr,v 1.1 2005/03/02 10:58:59 okumoto Exp $
